To honour the JVM settings for this build a single-use Daemon process will be forked. For more on this, please refer to https://docs.gradle.org/9.2.1/userguide/gradle_daemon.html#sec:disabling_the_daemon in the Gradle documentation.
Daemon will be stopped at the end of the build 

> Configure project :
Creating Minecraft artifacts without recompilation.

> Task :compileStubsJava UP-TO-DATE
> Task :createMinecraftArtifacts
> Task :createMinecraftArtifacts UP-TO-DATE
> Task :processStubsResources NO-SOURCE
> Task :stubsClasses UP-TO-DATE
> Task :compileJava
> Task :processResources
> Task :classes
> Task :jarJar NO-SOURCE
> Task :jar
> Task :sourcesJar
> Task :assemble
> Task :check
> Task :build

[Incubating] Problems report is available at: file:///D:/%E6%A1%8C%E9%9D%A2/voxlink/neoforge/1.20.4_1.20.6/build/reports/problems/problems-report.html

Deprecated Gradle features were used in this build, making it incompatible with Gradle 10.

You can use '--warning-mode all' to show the individual deprecation warnings and determine if they come from your own scripts or plugins.

For more on this, please refer to https://docs.gradle.org/9.2.1/userguide/command_line_interface.html#sec:command_line_warnings in the Gradle documentation.

BUILD SUCCESSFUL in 1m 4s
6 actionable tasks: 4 executed, 2 up-to-date
