.\gradlew.bat : WARNING: A restricted method in java.lang.System has been called
At line:15 char:5516
+ ... ge\26.1_26.1.2"; .\gradlew.bat build -x test --no-daemon 2>&1 | Tee-O ...
+                      ~~~~~~~~~~~~~~~~~~~~~~~~~~~~~~~~~~~~~~~~~~~~
    + CategoryInfo          : NotSpecified: (WARNING: A rest...has been called:String) [], RemoteException
    + FullyQualifiedErrorId : NativeCommandError
 
WARNING: java.lang.System::load has been called by net.rubygrapefruit.platform.internal.NativeLibraryLoader in an unnam
ed module (file:/D:/.gradle/wrapper/dists/gradle-9.2.1-bin/2t0n5ozlw9xmuyvbp7dnzaxug/gradle-9.2.1/lib/native-platform-0
.22-milestone-29.jar)
WARNING: Use --enable-native-access=ALL-UNNAMED to avoid a warning for callers in this module
WARNING: Restricted methods will be blocked in a future release unless native access is enabled

To honour the JVM settings for this build a single-use Daemon process will be forked. For more on this, please refer to https://docs.gradle.org/9.2.1/userguide/gradle_daemon.html#sec:disabling_the_daemon in the Gradle documentation.
Daemon will be stopped at the end of the build 

> Configure project :
Creating Minecraft artifacts without recompilation.

> Task :compileStubsJava UP-TO-DATE
> Task :createMinecraftArtifacts UP-TO-DATE
> Task :processStubsResources NO-SOURCE
> Task :stubsClasses UP-TO-DATE
> Task :compileJava
> Task :processResources
> Task :classes
> Task :jarJar NO-SOURCE
> Task :jar
> Task :sourcesJar
> Task :assemble
> Task :check
> Task :build

[Incubating] Problems report is available at: file:///D:/%E6%A1%8C%E9%9D%A2/voxlink/neoforge/26.1_26.1.2/build/reports/problems/problems-report.html

Deprecated Gradle features were used in this build, making it incompatible with Gradle 10.

You can use '--warning-mode all' to show the individual deprecation warnings and determine if they come from your own scripts or plugins.

For more on this, please refer to https://docs.gradle.org/9.2.1/userguide/command_line_interface.html#sec:command_line_warnings in the Gradle documentation.

BUILD SUCCESSFUL in 36s
6 actionable tasks: 4 executed, 2 up-to-date
